node.exe : ts-jest[ts-jest-transformer] (WARN) Define `ts-jest` config under `globals` is deprecated. 
Please do
At C:\Program Files\nodejs\npx.ps1:29 char:3
+   & $NODE_EXE $NPX_CLI_JS $args
+   ~~~~~~~~~~~~~~~~~~~~~~~~~~~~~
    + CategoryInfo          : NotSpecified: (ts-jest[ts-jest...ated. Please do:String) [], RemoteExcept 
   ion
    + FullyQualifiedErrorId : NativeCommandError
 
transform: {
    <transform_regex>: ['ts-jest', { /* ts-jest config goes here in Jest */ }],
},
See more at https://kulshekhar.github.io/ts-jest/docs/getting-started/presets#advanced
FAIL src/app/api/videos/transcribe/__tests__/route.test.ts (5.618 s)
  ΓùÅ Transcription API Route ΓÇ║ POST /api/videos/transcribe ΓÇ║ should start transcription

    expect(received).toBe(expected) // Object.is equality

    Expected: 200
    Received: 500

    [0m [90m 126 |[39m       [36mconst[39m response [33m=[39m [36mawait[39m 
[33mPOST[39m(request)
     [90m 127 |[39m       expect(response)[33m.[39mtoBeInstanceOf([33mResponse[39m)
    [31m[1m>[22m[39m[90m 128 |[39m       
expect(getResponseStatus(response))[33m.[39mtoBe([35m200[39m)
     [90m     |[39m                                           [31m[1m^[22m[39m
     [90m 129 |[39m
     [90m 130 |[39m       [36mconst[39m data [33m=[39m [36mawait[39m response[33m.[39mjson()
     [90m 131 |[39m       expect(data)[33m.[39mtoEqual({[0m

      at src/app/api/videos/transcribe/__tests__/route.test.ts:128:43
      at step (src/app/api/videos/transcribe/__tests__/route.test.ts:48:23)
      at Object.next (src/app/api/videos/transcribe/__tests__/route.test.ts:29:53)
      at fulfilled (src/app/api/videos/transcribe/__tests__/route.test.ts:20:58)

  ΓùÅ Transcription API Route ΓÇ║ POST /api/videos/transcribe ΓÇ║ should handle missing video ID

    expect(received).toBe(expected) // Object.is equality

    Expected: 400
    Received: 500

    [0m [90m 143 |[39m       [36mconst[39m response [33m=[39m [36mawait[39m 
[33mPOST[39m(request)
     [90m 144 |[39m       expect(response)[33m.[39mtoBeInstanceOf([33mResponse[39m)
    [31m[1m>[22m[39m[90m 145 |[39m       
expect(getResponseStatus(response))[33m.[39mtoBe([35m400[39m)
     [90m     |[39m                                           [31m[1m^[22m[39m
     [90m 146 |[39m
     [90m 147 |[39m       [36mconst[39m data [33m=[39m [36mawait[39m response[33m.[39mjson()
     [90m 148 |[39m       expect(data)[33m.[39mtoEqual({[0m

      at src/app/api/videos/transcribe/__tests__/route.test.ts:145:43
      at step (src/app/api/videos/transcribe/__tests__/route.test.ts:48:23)
      at Object.next (src/app/api/videos/transcribe/__tests__/route.test.ts:29:53)
      at fulfilled (src/app/api/videos/transcribe/__tests__/route.test.ts:20:58)

  ΓùÅ Transcription API Route ΓÇ║ POST /api/videos/transcribe ΓÇ║ should handle non-existent video

    expect(received).toBe(expected) // Object.is equality

    Expected: 404
    Received: 500

    [0m [90m 161 |[39m       [36mconst[39m response [33m=[39m [36mawait[39m 
[33mPOST[39m(request)
     [90m 162 |[39m       expect(response)[33m.[39mtoBeInstanceOf([33mResponse[39m)
    [31m[1m>[22m[39m[90m 163 |[39m       
expect(getResponseStatus(response))[33m.[39mtoBe([35m404[39m)
     [90m     |[39m                                           [31m[1m^[22m[39m
     [90m 164 |[39m
     [90m 165 |[39m       [36mconst[39m data [33m=[39m [36mawait[39m response[33m.[39mjson()
     [90m 166 |[39m       expect(data)[33m.[39mtoEqual({[0m

      at src/app/api/videos/transcribe/__tests__/route.test.ts:163:43
      at step (src/app/api/videos/transcribe/__tests__/route.test.ts:48:23)
      at Object.next (src/app/api/videos/transcribe/__tests__/route.test.ts:29:53)
      at fulfilled (src/app/api/videos/transcribe/__tests__/route.test.ts:20:58)

  ΓùÅ Transcription API Route ΓÇ║ POST /api/videos/transcribe ΓÇ║ should handle audio extraction error

    FetchError: invalid json response body at  reason: Unexpected end of JSON input

      at node_modules/node-fetch/lib/index.js:273:32

  ΓùÅ Transcription API Route ΓÇ║ POST /api/videos/transcribe ΓÇ║ should transcribe a video

    FetchError: invalid json response body at  reason: Unexpected end of JSON input

      at node_modules/node-fetch/lib/index.js:273:32

  ΓùÅ Transcription API Route ΓÇ║ GET /api/videos/transcribe ΓÇ║ should get transcription

    expect(received).toBe(expected) // Object.is equality

    Expected: 200
    Received: 500

    [0m [90m 212 |[39m       [36mconst[39m response [33m=[39m [36mawait[39m 
[33mGET[39m(request)
     [90m 213 |[39m       expect(response)[33m.[39mtoBeInstanceOf([33mResponse[39m)
    [31m[1m>[22m[39m[90m 214 |[39m       
expect(getResponseStatus(response))[33m.[39mtoBe([35m200[39m)
     [90m     |[39m                                           [31m[1m^[22m[39m
     [90m 215 |[39m
     [90m 216 |[39m       [36mconst[39m data [33m=[39m [36mawait[39m response[33m.[39mjson()
     [90m 217 |[39m       expect(data)[33m.[39mtoEqual({[0m

      at src/app/api/videos/transcribe/__tests__/route.test.ts:214:43
      at step (src/app/api/videos/transcribe/__tests__/route.test.ts:48:23)
      at Object.next (src/app/api/videos/transcribe/__tests__/route.test.ts:29:53)
      at fulfilled (src/app/api/videos/transcribe/__tests__/route.test.ts:20:58)

  ΓùÅ Transcription API Route ΓÇ║ GET /api/videos/transcribe ΓÇ║ should handle missing video ID

    expect(received).toBe(expected) // Object.is equality

    Expected: 400
    Received: 500

    [0m [90m 225 |[39m       [36mconst[39m response [33m=[39m [36mawait[39m 
[33mGET[39m(request)
     [90m 226 |[39m       expect(response)[33m.[39mtoBeInstanceOf([33mResponse[39m)
    [31m[1m>[22m[39m[90m 227 |[39m       
expect(getResponseStatus(response))[33m.[39mtoBe([35m400[39m)
     [90m     |[39m                                           [31m[1m^[22m[39m
     [90m 228 |[39m
     [90m 229 |[39m       [36mconst[39m data [33m=[39m [36mawait[39m response[33m.[39mjson()
     [90m 230 |[39m       expect(data)[33m.[39mtoEqual({[0m

      at src/app/api/videos/transcribe/__tests__/route.test.ts:227:43
      at step (src/app/api/videos/transcribe/__tests__/route.test.ts:48:23)
      at Object.next (src/app/api/videos/transcribe/__tests__/route.test.ts:29:53)
      at fulfilled (src/app/api/videos/transcribe/__tests__/route.test.ts:20:58)

  ΓùÅ Transcription API Route ΓÇ║ GET /api/videos/transcribe ΓÇ║ should handle non-existent 
transcription

    expect(received).toBe(expected) // Object.is equality

    Expected: 404
    Received: 500

    [0m [90m 245 |[39m       [36mconst[39m response [33m=[39m [36mawait[39m 
[33mGET[39m(request)
     [90m 246 |[39m       expect(response)[33m.[39mtoBeInstanceOf([33mResponse[39m)
    [31m[1m>[22m[39m[90m 247 |[39m       
expect(getResponseStatus(response))[33m.[39mtoBe([35m404[39m)
     [90m     |[39m                                           [31m[1m^[22m[39m
     [90m 248 |[39m
     [90m 249 |[39m       [36mconst[39m data [33m=[39m [36mawait[39m response[33m.[39mjson()
     [90m 250 |[39m       expect(data)[33m.[39mtoEqual({[0m

      at src/app/api/videos/transcribe/__tests__/route.test.ts:247:43
      at step (src/app/api/videos/transcribe/__tests__/route.test.ts:48:23)
      at Object.next (src/app/api/videos/transcribe/__tests__/route.test.ts:29:53)
      at fulfilled (src/app/api/videos/transcribe/__tests__/route.test.ts:20:58)

Test Suites: 1 failed, 1 total
Tests:       8 failed, 1 passed, 9 total
Snapshots:   0 total
Time:        6.023 s, estimated 10 s
